
Running 30 tests using 2 workers

[1/30] [chromium] › tests\browser\demography.spec.js:153:1 › every declared figure reaches ready and shows the provider's own values at the selected year
[2/30] [firefox] › tests\browser\demography.spec.js:153:1 › every declared figure reaches ready and shows the provider's own values at the selected year
[3/30] [chromium] › tests\browser\demography.spec.js:181:1 › the components figure reads the same year in people and per 1,000
[4/30] [firefox] › tests\browser\demography.spec.js:181:1 › the components figure reads the same year in people and per 1,000
[5/30] [chromium] › tests\browser\demography.spec.js:195:1 › a flow that stops says where, and a country outside the collection says so
[6/30] [firefox] › tests\browser\demography.spec.js:195:1 › a flow that stops says where, and a country outside the collection says so
[7/30] [chromium] › tests\browser\demography.spec.js:218:1 › healthy life expectancy stops at its own last published year
[8/30] [chromium] › tests\browser\demography.spec.js:241:1 › the age structure follows the year selected anywhere on the page
[9/30] [firefox] › tests\browser\demography.spec.js:218:1 › healthy life expectancy stops at its own last published year
[10/30] [chromium] › tests\browser\demography.spec.js:257:1 › the projection range is the 95% interval, and the peak is a mark
[11/30] [firefox] › tests\browser\demography.spec.js:241:1 › the age structure follows the year selected anywhere on the page
[12/30] [chromium] › tests\browser\demography.spec.js:271:1 › every figure carries an accessible data equivalent and its own provenance
[13/30] [firefox] › tests\browser\demography.spec.js:257:1 › the projection range is the 95% interval, and the peak is a mark
[14/30] [chromium] › tests\browser\demography.spec.js:291:1 › a failing slot does not take its neighbours with it
[15/30] [firefox] › tests\browser\demography.spec.js:271:1 › every figure carries an accessible data equivalent and its own provenance
[16/30] [chromium] › tests\browser\demography.spec.js:305:1 › a whole-report data failure is reported once, with a retry
[17/30] [chromium] › tests\browser\demography.spec.js:313:1 › the report says where each family's data stops
[18/30] [chromium] › tests\browser\demography.spec.js:342:3 › the layout reflows at a narrow width and at 400% zoom without losing a figure, in the shipped font
[19/30] [firefox] › tests\browser\demography.spec.js:291:1 › a failing slot does not take its neighbours with it
[20/30] [chromium] › tests\browser\demography.spec.js:342:3 › the layout reflows at a narrow width and at 400% zoom without losing a figure, in a wider font
[21/30] [firefox] › tests\browser\demography.spec.js:305:1 › a whole-report data failure is reported once, with a retry
[22/30] [firefox] › tests\browser\demography.spec.js:313:1 › the report says where each family's data stops
[23/30] [chromium] › tests\browser\demography.spec.js:405:1 › dragging the year never replaces the control being dragged
[24/30] [chromium] › tests\browser\demography.spec.js:422:1 › changing the year never puts a loading message over a drawn figure
[25/30] [firefox] › tests\browser\demography.spec.js:342:3 › the layout reflows at a narrow width and at 400% zoom without losing a figure, in the shipped font
[26/30] [chromium] › tests\browser\demography.spec.js:457:1 › an open disclosure and the selected year survive a refresh of another figure
[27/30] [firefox] › tests\browser\demography.spec.js:342:3 › the layout reflows at a narrow width and at 400% zoom without losing a figure, in a wider font
[28/30] [firefox] › tests\browser\demography.spec.js:405:1 › dragging the year never replaces the control being dragged
[29/30] [firefox] › tests\browser\demography.spec.js:422:1 › changing the year never puts a loading message over a drawn figure
[30/30] [firefox] › tests\browser\demography.spec.js:457:1 › an open disclosure and the selected year survive a refresh of another figure
  30 passed (2.4m)
